// Vitest Snapshot v1, https://vitest.dev/guide/snapshot.html

exports[`VAT Records Snapshot Regression Suite > PoreskiJsonBuilder treba da obradi Avansni_racun_OBJ_CR bez regresije 1`] = `
{
  "InternalInvoiceNumber": "INT-STATIC-ID",
  "Month": 6,
  "TaxRecords": [
    {
      "Amount": 0,
      "TaxAmount": 0,
      "TaxCategory": "S20",
    },
  ],
  "Year": 2026,
}
`;

exports[`VAT Records Snapshot Regression Suite > PoreskiJsonBuilder treba da obradi Avansni_racun_osimOBJ_CR bez regresije 1`] = `
{
  "InternalInvoiceNumber": "INT-STATIC-ID",
  "Month": 6,
  "TaxRecords": [
    {
      "Amount": 0,
      "TaxAmount": 0,
      "TaxCategory": "S20",
    },
  ],
  "Year": 2026,
}
`;

exports[`VAT Records Snapshot Regression Suite > PoreskiJsonBuilder treba da obradi DOP_period_OBJ_CR bez regresije 1`] = `
{
  "InternalInvoiceNumber": "INT-STATIC-ID",
  "Month": 6,
  "TaxRecords": [
    {
      "Amount": 0,
      "TaxAmount": 0,
      "TaxCategory": "S20",
    },
  ],
  "Year": 2026,
}
`;

exports[`VAT Records Snapshot Regression Suite > PoreskiJsonBuilder treba da obradi DOP_period_osimOBJ_CR bez regresije 1`] = `
{
  "InternalInvoiceNumber": "INT-STATIC-ID",
  "Month": 6,
  "TaxRecords": [
    {
      "Amount": 0,
      "TaxAmount": 0,
      "TaxCategory": "S20",
    },
  ],
  "Year": 2026,
}
`;

exports[`VAT Records Snapshot Regression Suite > PoreskiJsonBuilder treba da obradi DOP_sa_fakturom_SEF_OBJ_CR bez regresije 1`] = `
{
  "InternalInvoiceNumber": "INT-STATIC-ID",
  "Month": 6,
  "TaxRecords": [
    {
      "Amount": 0,
      "TaxAmount": 0,
      "TaxCategory": "S20",
    },
  ],
  "Year": 2026,
}
`;

exports[`VAT Records Snapshot Regression Suite > PoreskiJsonBuilder treba da obradi DOP_sa_fakturom_SEF_osimOBJ_CR bez regresije 1`] = `
{
  "InternalInvoiceNumber": "INT-STATIC-ID",
  "Month": 6,
  "TaxRecords": [
    {
      "Amount": 0,
      "TaxAmount": 0,
      "TaxCategory": "S20",
    },
  ],
  "Year": 2026,
}
`;

exports[`VAT Records Snapshot Regression Suite > PoreskiJsonBuilder treba da obradi DOP_sa_fakturom_van_SEFa_OBJ_CR bez regresije 1`] = `
{
  "InternalInvoiceNumber": "INT-STATIC-ID",
  "Month": 6,
  "TaxRecords": [
    {
      "Amount": 0,
      "TaxAmount": 0,
      "TaxCategory": "S20",
    },
  ],
  "Year": 2026,
}
`;

exports[`VAT Records Snapshot Regression Suite > PoreskiJsonBuilder treba da obradi DOP_sa_fakturom_van_SEFa_osimOBJ_CR bez regresije 1`] = `
{
  "InternalInvoiceNumber": "INT-STATIC-ID",
  "Month": 6,
  "TaxRecords": [
    {
      "Amount": 0,
      "TaxAmount": 0,
      "TaxCategory": "S20",
    },
  ],
  "Year": 2026,
}
`;

exports[`VAT Records Snapshot Regression Suite > PoreskiJsonBuilder treba da obradi DOS_period_OBJ_CR bez regresije 1`] = `
{
  "InternalInvoiceNumber": "INT-STATIC-ID",
  "Month": 6,
  "TaxRecords": [
    {
      "Amount": 0,
      "TaxAmount": 0,
      "TaxCategory": "S20",
    },
  ],
  "Year": 2026,
}
`;

exports[`VAT Records Snapshot Regression Suite > PoreskiJsonBuilder treba da obradi DOS_period_osimOBJ_CR bez regresije 1`] = `
{
  "InternalInvoiceNumber": "INT-STATIC-ID",
  "Month": 6,
  "TaxRecords": [
    {
      "Amount": 0,
      "TaxAmount": 0,
      "TaxCategory": "S20",
    },
  ],
  "Year": 2026,
}
`;

exports[`VAT Records Snapshot Regression Suite > PoreskiJsonBuilder treba da obradi DOS_sa_avansom_SEF_OBJ_CR bez regresije 1`] = `
{
  "InternalInvoiceNumber": "INT-STATIC-ID",
  "Month": 6,
  "TaxRecords": [
    {
      "Amount": 0,
      "TaxAmount": 0,
      "TaxCategory": "S20",
    },
  ],
  "Year": 2026,
}
`;

exports[`VAT Records Snapshot Regression Suite > PoreskiJsonBuilder treba da obradi DOS_sa_avansom_SEF_osimOBJ_CR bez regresije 1`] = `
{
  "InternalInvoiceNumber": "INT-STATIC-ID",
  "Month": 6,
  "TaxRecords": [
    {
      "Amount": 0,
      "TaxAmount": 0,
      "TaxCategory": "S20",
    },
  ],
  "Year": 2026,
}
`;

exports[`VAT Records Snapshot Regression Suite > PoreskiJsonBuilder treba da obradi DOS_sa_avansom_van_SEFa_OBJ_CR bez regresije 1`] = `
{
  "InternalInvoiceNumber": "INT-STATIC-ID",
  "Month": 6,
  "TaxRecords": [
    {
      "Amount": 0,
      "TaxAmount": 0,
      "TaxCategory": "S20",
    },
  ],
  "Year": 2026,
}
`;

exports[`VAT Records Snapshot Regression Suite > PoreskiJsonBuilder treba da obradi DOS_sa_avansom_van_SEFa_osimOBJ_CR bez regresije 1`] = `
{
  "InternalInvoiceNumber": "INT-STATIC-ID",
  "Month": 6,
  "TaxRecords": [
    {
      "Amount": 0,
      "TaxAmount": 0,
      "TaxCategory": "S20",
    },
  ],
  "Year": 2026,
}
`;

exports[`VAT Records Snapshot Regression Suite > PoreskiJsonBuilder treba da obradi DOS_sa_fakturom_SEF_OBJ_CR bez regresije 1`] = `
{
  "InternalInvoiceNumber": "INT-STATIC-ID",
  "Month": 6,
  "TaxRecords": [
    {
      "Amount": 0,
      "TaxAmount": 0,
      "TaxCategory": "S20",
    },
  ],
  "Year": 2026,
}
`;

exports[`VAT Records Snapshot Regression Suite > PoreskiJsonBuilder treba da obradi DOS_sa_fakturom_SEF_osimOBJ_CR bez regresije 1`] = `
{
  "InternalInvoiceNumber": "INT-STATIC-ID",
  "Month": 6,
  "TaxRecords": [
    {
      "Amount": 0,
      "TaxAmount": 0,
      "TaxCategory": "S20",
    },
  ],
  "Year": 2026,
}
`;

exports[`VAT Records Snapshot Regression Suite > PoreskiJsonBuilder treba da obradi DOS_sa_fakturom_van_SEFa_osimOBJ_CR bez regresije 1`] = `
{
  "InternalInvoiceNumber": "INT-STATIC-ID",
  "Month": 6,
  "TaxRecords": [
    {
      "Amount": 0,
      "TaxAmount": 0,
      "TaxCategory": "S20",
    },
  ],
  "Year": 2026,
}
`;

exports[`VAT Records Snapshot Regression Suite > PoreskiJsonBuilder treba da obradi Faktura_bez_povezanih_dokumenata_OBJ_CR bez regresije 1`] = `
{
  "InternalInvoiceNumber": "INT-STATIC-ID",
  "Month": 6,
  "TaxRecords": [
    {
      "Amount": 0,
      "TaxAmount": 0,
      "TaxCategory": "S20",
    },
  ],
  "Year": 2026,
}
`;

exports[`VAT Records Snapshot Regression Suite > PoreskiJsonBuilder treba da obradi Faktura_bez_povezanih_dokumenata_osimOBJ_CR bez regresije 1`] = `
{
  "InternalInvoiceNumber": "INT-STATIC-ID",
  "Month": 6,
  "TaxRecords": [
    {
      "Amount": 0,
      "TaxAmount": 0,
      "TaxCategory": "S20",
    },
  ],
  "Year": 2026,
}
`;
